// Jest Snapshot v1, https://goo.gl/fbAQLP

exports[`jest-date-serializer serializes properly 1`] = `Sun, 01 Jul 2018 00:00:00 GMT`;
